C51 COMPILER V6.12  LCD_DRIVER                                                             07/02/2012 09:16:41 PAGE 1   


C51 COMPILER V6.12, COMPILATION OF MODULE LCD_DRIVER
OBJECT MODULE PLACED IN .\LCD_driver.OBJ
COMPILER INVOKED BY: C:\Keil\C51\BIN\C51.EXE .\LCD_driver.c DEBUG OBJECTEXTEND

stmt level    source

   1          #include <reg52.h>
   2          #include"LCD_driver.h"
   3          #include"chinese.h"
   4          
   5          
   6          uint colors[]=
   7          {
   8            0xf800,0x07e0,0x001f,0xffe0,0x0000,0x07ff,0xf81f,0xffff  //颜色数据
   9          };
  10          
  11          //**********************************************************************************
  12          //**********************************************************************************
  13          void LCD_Init(void)
  14          {
  15   1      
  16   1          LCD_REST=1;
  17   1          delayms(50);	
  18   1      	LCD_REST=0;
  19   1      	delayms(50);
  20   1      	LCD_REST=1;
  21   1      	delayms(50);
  22   1      
  23   1      	LCD_CS =0;  //打开片选使能
  24   1      		
  25   1      	delayms(10);
  26   1          LCD_Write_COM(0x00,0x00); LCD_Write_DATA(0x00,0x01);//
  27   1      	LCD_Write_COM(0x00,0x01); LCD_Write_DATA(0x01,0x00);//
  28   1      	LCD_Write_COM(0x00,0x02); LCD_Write_DATA(0x02,0x00);//
  29   1      	LCD_Write_COM(0x00,0x03); LCD_Write_DATA(0x10,0x30);//
  30   1      	
  31   1      	LCD_Write_COM(0x00,0x08); LCD_Write_DATA(0x08,0x08);//	
  32   1      	LCD_Write_COM(0x00,0x09); LCD_Write_DATA(0x00,0x01);//	
  33   1      	LCD_Write_COM(0x00,0x0A); LCD_Write_DATA(0x00,0x00);//
  34   1      	LCD_Write_COM(0x00,0x0C); LCD_Write_DATA(0x00,0x00);//
  35   1      	LCD_Write_COM(0x00,0x0D); LCD_Write_DATA(0x00,0x00);//
  36   1          LCD_Write_COM(0x00,0x0E); LCD_Write_DATA(0x00,0x30);//
  37   1      	LCD_Write_COM(0x00,0x0F); LCD_Write_DATA(0x00,0x00);//
  38   1      
  39   1      	//-------------Power On sequence -------------------//
  40   1      	LCD_Write_COM(0x00,0x10); LCD_Write_DATA(0x04,0x10);// 
  41   1      	LCD_Write_COM(0x00,0x11); LCD_Write_DATA(0x02,0x37);//
  42   1      	delayms(50); 
  43   1      	LCD_Write_COM(0x00,0x12); LCD_Write_DATA(0x01,0xb9);//
  44   1      	delayms(50); 
  45   1      	LCD_Write_COM(0x00,0x13); LCD_Write_DATA(0x11,0x00);//
  46   1      	LCD_Write_COM(0x00,0x28); LCD_Write_DATA(0x00,0x00);// 
  47   1          LCD_Write_COM(0x00,0x29); LCD_Write_DATA(0x00,0x12);// 
  48   1          LCD_Write_COM(0x00,0x2A); LCD_Write_DATA(0x00,0x56);// 
  49   1      	delayms(50); 
  50   1      	LCD_Write_COM(0x00,0x20); LCD_Write_DATA(0x00,0x00);//
  51   1          LCD_Write_COM(0x00,0x21); LCD_Write_DATA(0x00,0x00);//
  52   1      
  53   1      	// ----------- Adjust the Gamma Curve ----------//
  54   1      	LCD_Write_COM(0x00,0x30); LCD_Write_DATA(0x0b,0x00);
  55   1      	LCD_Write_COM(0x00,0x31); LCD_Write_DATA(0x7d,0x17);
C51 COMPILER V6.12  LCD_DRIVER                                                             07/02/2012 09:16:41 PAGE 2   

  56   1      	LCD_Write_COM(0x00,0x32); LCD_Write_DATA(0x0a,0x01);
  57   1          LCD_Write_COM(0x00,0x33); LCD_Write_DATA(0x0a,0x03);
  58   1          LCD_Write_COM(0x00,0x34); LCD_Write_DATA(0x00,0x00);
  59   1      	LCD_Write_COM(0x00,0x35); LCD_Write_DATA(0x03,0x0a);
  60   1      	LCD_Write_COM(0x00,0x36); LCD_Write_DATA(0x71,0x0a);
  61   1      	LCD_Write_COM(0x00,0x37); LCD_Write_DATA(0x17,0x0d);
  62   1      	LCD_Write_COM(0x00,0x38); LCD_Write_DATA(0x00,0x0b);
  63   1      	LCD_Write_COM(0x00,0x39); LCD_Write_DATA(0x33,0x33);
  64   1      	delayms(5);
  65   1      
  66   1      
  67   1      		
  68   1      	//------------------ Set GRAM area -----------------//
  69   1      	LCD_Write_COM(0x00,0x50); LCD_Write_DATA(0x00,0x00);// 
  70   1      	LCD_Write_COM(0x00,0x51); LCD_Write_DATA(0x00,0xEF);//
  71   1      	LCD_Write_COM(0x00,0x52); LCD_Write_DATA(0x00,0x00);// 	
  72   1      	LCD_Write_COM(0x00,0x53); LCD_Write_DATA(0x01,0x3F);//	
  73   1      	LCD_Write_COM(0x00,0x60); LCD_Write_DATA(0x36,0x00);//
  74   1      	LCD_Write_COM(0x00,0x61); LCD_Write_DATA(0x00,0x01);//	
  75   1      	LCD_Write_COM(0x00,0x6A); LCD_Write_DATA(0x00,0x00);//
  76   1      	
  77   1      	//-------------- Partial Display Control -----------//
  78   1      	LCD_Write_COM(0x00,0x80); LCD_Write_DATA(0x00,0x00);//	
  79   1      	LCD_Write_COM(0x00,0x81); LCD_Write_DATA(0x00,0x00);//	
  80   1      	LCD_Write_COM(0x00,0x82); LCD_Write_DATA(0x00,0x5f);//
  81   1      
  82   1      	
  83   1      	//-------------- Panel Control ---------------------//
  84   1      	LCD_Write_COM(0x00,0x90); LCD_Write_DATA(0x00,0x15);//
  85   1          LCD_Write_COM(0x00,0x91); LCD_Write_DATA(0x00,0x00);//	
  86   1      	LCD_Write_COM(0x00,0x92); LCD_Write_DATA(0x01,0x00);//
  87   1      	LCD_Write_COM(0x00,0x93); LCD_Write_DATA(0x07,0x01);//
  88   1          LCD_Write_COM(0x00,0x94); LCD_Write_DATA(0x00,0x01);//
  89   1      	LCD_Write_COM(0x00,0x95); LCD_Write_DATA(0x00,0x10);//
  90   1          LCD_Write_COM(0x00,0x96); LCD_Write_DATA(0x00,0x00);//
  91   1      	LCD_Write_COM(0x00,0x97); LCD_Write_DATA(0x01,0x00);//	
  92   1      	LCD_Write_COM(0x00,0x98); LCD_Write_DATA(0x00,0x01);//
  93   1          LCD_Write_COM(0x00,0x99); LCD_Write_DATA(0x00,0x01);//
  94   1          LCD_Write_COM(0x00,0x9C); LCD_Write_DATA(0x00,0x11);//
  95   1          LCD_Write_COM(0x00,0xA0); LCD_Write_DATA(0x00,0x00);//	
  96   1      	LCD_Write_COM(0x00,0xA1); LCD_Write_DATA(0x00,0x00);//
  97   1          LCD_Write_COM(0x00,0xA3); LCD_Write_DATA(0x00,0x00);//
  98   1          LCD_Write_COM(0x00,0xA4); LCD_Write_DATA(0x00,0x00);//
  99   1      	LCD_Write_COM(0x00,0x07); LCD_Write_DATA(0x01,0x00);// 
 100   1          delayms(300);
 101   1      	
 102   1      	LCD_CS =1;  //关闭片选使能
 103   1      
 104   1      }  
 105          
 106          //**********************************************************************************
 107          //**********************************************************************************
 108          
 109          void delayms(int count)  // /* X1ms */
 110          {
 111   1              int i,j;
 112   1              for(i=0;i<count;i++)
 113   1                      for(j=0;j<100;j++);
 114   1      }
 115          
 116          //**********************************************************************************
 117          //**********************************************************************************  
C51 COMPILER V6.12  LCD_DRIVER                                                             07/02/2012 09:16:41 PAGE 3   

 118          void LCD_Writ_Bus(char VH,char VL)   //并行数据写入函数
 119          {
 120   1         LCD_DataPortH=VH;	  //高位P1口
 121   1      	LCD_DataPortL=VL;	  //低位P0口	
 122   1      	LCD_WR=0;
 123   1      	LCD_WR=1; 
 124   1      }
 125          
 126          //**********************************************************************************
 127          //**********************************************************************************
 128          void LCD_Write_COM(char VH,char VL)	 //发送命令
 129          {	
 130   1         LCD_RS=0;
 131   1      	LCD_Writ_Bus(VH,VL);
 132   1      }
 133          
 134          //**********************************************************************************
 135          //**********************************************************************************
 136          void LCD_Write_DATA(char VH,char VL)	//发送数据
 137          {
 138   1         LCD_RS=1;
 139   1      	LCD_Writ_Bus(VH,VL);
 140   1      }
 141          
 142          //**********************************************************************************
 143          //**********************************************************************************
 144          void Pant(char VH,char VL)
 145          {
 146   1      	int i,j;
 147   1      	LCD_CS =0;  //打开片选使能
 148   1      	Address_set(0,0,239,319);
 149   1          for(i=0;i<320;i++)
 150   1      	 {
 151   2      	  for (j=0;j<240;j++)
 152   2      	   	{
 153   3              	 LCD_Write_DATA(VH,VL);
 154   3      	      }
 155   2      
 156   2      	  }
 157   1           LCD_CS =1;  //关闭片选使能
 158   1      }
 159          
 160          //**********************************************************************************
 161          //**********************************************************************************
 162          void Address_set(unsigned int x1,unsigned int y1,unsigned int x2,unsigned int y2)
 163          {
 164   1          LCD_Write_COM(0x00,0x20);LCD_Write_DATA(x1>>8,x1);	  //设置X坐标位置
 165   1          LCD_Write_COM(0x00,0x21);LCD_Write_DATA(y1>>8,y1);   //设置Y坐标位置
 166   1      
 167   1          LCD_Write_COM(0x00,0x50);LCD_Write_DATA(x1>>8,x1);   //开始X
 168   1      	LCD_Write_COM(0x00,0x52);LCD_Write_DATA(y1>>8,y1);	  //开始Y
 169   1          LCD_Write_COM(0x00,0x51);LCD_Write_DATA(x2>>8,x2);   //结束X
 170   1      	LCD_Write_COM(0x00,0x53);LCD_Write_DATA(y2>>8,y2);   //结束Y
 171   1      
 172   1      	LCD_Write_COM(0x00,0x22);											 
 173   1      }
 174          
 175          
 176          //**********************************************************************************
 177          //写汉字子函数
 178          //**********************************************************************************
 179          void ChineseChar(uint x,uint y,uint For_color,uint Bk_color ,char c)
C51 COMPILER V6.12  LCD_DRIVER                                                             07/02/2012 09:16:41 PAGE 4   

 180          {
 181   1         int e=0,i,j;
 182   1         int  ed;
 183   1         
 184   1         uint  ncols;
 185   1         uint  nrows;
 186   1         uint  nbytes;
 187   1         uchar *pfont;
 188   1         uchar *pchar;
 189   1         uchar *fonttable=(uchar *)hz;  
 190   1         pfont=(uchar *)fonttable;
 191   1         ncols =32-1;
 192   1         nrows =32-1;
 193   1         nbytes =132;   
 194   1         pchar=pfont + (nbytes*(c-1));
 195   1         Address_set(x,  y, x+nrows,y+ncols);  
 196   1         for(i=0;i<nbytes;i++)
 197   1         	{
 198   2           		ed=*pchar++;
 199   2      	  		e=8; 
 200   2           		for(j=0;j<e;j++)
 201   2           		{
 202   3      	  			if((ed>>j)&0x01)
 203   3            		{ 
 204   4      	   			LCD_Write_DATA(For_color>>8 , For_color  ); 
 205   4      	   		}
 206   3           			else
 207   3          		  {
 208   4             			LCD_Write_DATA( Bk_color>>8 ,  Bk_color); 
 209   4      	 		  }
 210   3      	     }
 211   2           }
 212   1      }
 213          
 214          
 215          


MODULE INFORMATION:   STATIC OVERLAYABLE
   CODE SIZE        =   1268    ----
   CONSTANT SIZE    =    528    ----
   XDATA SIZE       =   ----    ----
   PDATA SIZE       =   ----    ----
   DATA SIZE        =     16      36
   IDATA SIZE       =   ----    ----
   BIT SIZE         =   ----    ----
END OF MODULE INFORMATION.


C51 COMPILATION COMPLETE.  0 WARNING(S),  0 ERROR(S)
