C51 COMPILER V6.12  LCD_DRIVER                                                             06/29/2012 15:36:41 PAGE 1   


C51 COMPILER V6.12, COMPILATION OF MODULE LCD_DRIVER
OBJECT MODULE PLACED IN .\LCD_driver.OBJ
COMPILER INVOKED BY: C:\Keil\C51\BIN\C51.EXE .\LCD_driver.c BROWSE DEBUG OBJECTEXTEND

stmt level    source

   1          #include <reg52.h>
   2          #include"LCD_driver.h"
   3          
   4          uint colors[]=
   5          {
   6            0xf800,0x07e0,0x001f,0xffe0,0x0000,0x07ff,0xf81f,0xffff
   7          };
   8          
   9          
  10          void LCD_Init(void)
  11          {
  12   1      
  13   1          LCD_REST=1;
  14   1          delayms(50);	
  15   1      	LCD_REST=0;
  16   1      	delayms(50);
  17   1      	LCD_REST=1;
  18   1      	delayms(50);
  19   1      
  20   1      	LCD_CS =0;  //打开片选使能
  21   1      		
  22   1      	delayms(10);
  23   1          LCD_Write_COM(0x00,0x00); LCD_Write_DATA(0x00,0x01);//
  24   1      	LCD_Write_COM(0x00,0x01); LCD_Write_DATA(0x01,0x00);//
  25   1      	LCD_Write_COM(0x00,0x02); LCD_Write_DATA(0x02,0x00);//
  26   1      	LCD_Write_COM(0x00,0x03); LCD_Write_DATA(0x10,0x30);//
  27   1      	
  28   1      	LCD_Write_COM(0x00,0x08); LCD_Write_DATA(0x08,0x08);//	
  29   1      	LCD_Write_COM(0x00,0x09); LCD_Write_DATA(0x00,0x01);//	
  30   1      	LCD_Write_COM(0x00,0x0A); LCD_Write_DATA(0x00,0x00);//
  31   1      	LCD_Write_COM(0x00,0x0C); LCD_Write_DATA(0x00,0x00);//
  32   1      	LCD_Write_COM(0x00,0x0D); LCD_Write_DATA(0x00,0x00);//
  33   1          LCD_Write_COM(0x00,0x0E); LCD_Write_DATA(0x00,0x30);//
  34   1      	LCD_Write_COM(0x00,0x0F); LCD_Write_DATA(0x00,0x00);//
  35   1      
  36   1      	//-------------Power On sequence -------------------//
  37   1      	LCD_Write_COM(0x00,0x10); LCD_Write_DATA(0x04,0x10);// 
  38   1      	LCD_Write_COM(0x00,0x11); LCD_Write_DATA(0x02,0x37);//
  39   1      	delayms(50); 
  40   1      	LCD_Write_COM(0x00,0x12); LCD_Write_DATA(0x01,0xb9);//
  41   1      	delayms(50); 
  42   1      	LCD_Write_COM(0x00,0x13); LCD_Write_DATA(0x11,0x00);//
  43   1      	LCD_Write_COM(0x00,0x28); LCD_Write_DATA(0x00,0x00);// 
  44   1          LCD_Write_COM(0x00,0x29); LCD_Write_DATA(0x00,0x12);// 
  45   1          LCD_Write_COM(0x00,0x2A); LCD_Write_DATA(0x00,0x56);// 
  46   1      	delayms(50); 
  47   1      	LCD_Write_COM(0x00,0x20); LCD_Write_DATA(0x00,0x00);//
  48   1          LCD_Write_COM(0x00,0x21); LCD_Write_DATA(0x00,0x00);//
  49   1      
  50   1      	// ----------- Adjust the Gamma Curve ----------//
  51   1      	LCD_Write_COM(0x00,0x30); LCD_Write_DATA(0x0b,0x00);
  52   1      	LCD_Write_COM(0x00,0x31); LCD_Write_DATA(0x7d,0x17);
  53   1      	LCD_Write_COM(0x00,0x32); LCD_Write_DATA(0x0a,0x01);
  54   1          LCD_Write_COM(0x00,0x33); LCD_Write_DATA(0x0a,0x03);
  55   1          LCD_Write_COM(0x00,0x34); LCD_Write_DATA(0x00,0x00);
C51 COMPILER V6.12  LCD_DRIVER                                                             06/29/2012 15:36:41 PAGE 2   

  56   1      	LCD_Write_COM(0x00,0x35); LCD_Write_DATA(0x03,0x0a);
  57   1      	LCD_Write_COM(0x00,0x36); LCD_Write_DATA(0x71,0x0a);
  58   1      	LCD_Write_COM(0x00,0x37); LCD_Write_DATA(0x17,0x0d);
  59   1      	LCD_Write_COM(0x00,0x38); LCD_Write_DATA(0x00,0x0b);
  60   1      	LCD_Write_COM(0x00,0x39); LCD_Write_DATA(0x33,0x33);
  61   1      	delayms(5);
  62   1      
  63   1      
  64   1      		
  65   1      	//------------------ Set GRAM area -----------------//
  66   1      	LCD_Write_COM(0x00,0x50); LCD_Write_DATA(0x00,0x00);// 
  67   1      	LCD_Write_COM(0x00,0x51); LCD_Write_DATA(0x00,0xEF);//
  68   1      	LCD_Write_COM(0x00,0x52); LCD_Write_DATA(0x00,0x00);// 	
  69   1      	LCD_Write_COM(0x00,0x53); LCD_Write_DATA(0x01,0x3F);//	
  70   1      	LCD_Write_COM(0x00,0x60); LCD_Write_DATA(0x36,0x00);//
  71   1      	LCD_Write_COM(0x00,0x61); LCD_Write_DATA(0x00,0x01);//	
  72   1      	LCD_Write_COM(0x00,0x6A); LCD_Write_DATA(0x00,0x00);//
  73   1      	
  74   1      	//-------------- Partial Display Control -----------//
  75   1      	LCD_Write_COM(0x00,0x80); LCD_Write_DATA(0x00,0x00);//	
  76   1      	LCD_Write_COM(0x00,0x81); LCD_Write_DATA(0x00,0x00);//	
  77   1      	LCD_Write_COM(0x00,0x82); LCD_Write_DATA(0x00,0x5f);//
  78   1      
  79   1      	
  80   1      	//-------------- Panel Control ---------------------//
  81   1      	LCD_Write_COM(0x00,0x90); LCD_Write_DATA(0x00,0x15);//
  82   1          LCD_Write_COM(0x00,0x91); LCD_Write_DATA(0x00,0x00);//	
  83   1      	LCD_Write_COM(0x00,0x92); LCD_Write_DATA(0x01,0x00);//
  84   1      	LCD_Write_COM(0x00,0x93); LCD_Write_DATA(0x07,0x01);//
  85   1          LCD_Write_COM(0x00,0x94); LCD_Write_DATA(0x00,0x01);//
  86   1      	LCD_Write_COM(0x00,0x95); LCD_Write_DATA(0x00,0x10);//
  87   1          LCD_Write_COM(0x00,0x96); LCD_Write_DATA(0x00,0x00);//
  88   1      	LCD_Write_COM(0x00,0x97); LCD_Write_DATA(0x01,0x00);//	
  89   1      	LCD_Write_COM(0x00,0x98); LCD_Write_DATA(0x00,0x01);//
  90   1          LCD_Write_COM(0x00,0x99); LCD_Write_DATA(0x00,0x01);//
  91   1          LCD_Write_COM(0x00,0x9C); LCD_Write_DATA(0x00,0x11);//
  92   1          LCD_Write_COM(0x00,0xA0); LCD_Write_DATA(0x00,0x00);//	
  93   1      	LCD_Write_COM(0x00,0xA1); LCD_Write_DATA(0x00,0x00);//
  94   1          LCD_Write_COM(0x00,0xA3); LCD_Write_DATA(0x00,0x00);//
  95   1          LCD_Write_COM(0x00,0xA4); LCD_Write_DATA(0x00,0x00);//
  96   1      	LCD_Write_COM(0x00,0x07); LCD_Write_DATA(0x01,0x00);// 
  97   1          delayms(300);
  98   1      	
  99   1      	LCD_CS =1;  //关闭片选使能
 100   1      
 101   1      }  
 102          
 103          
 104          
 105          
 106          
 107          void delayms(int count)  // /* X1ms */
 108          {
 109   1              int i,j;
 110   1              for(i=0;i<count;i++)
 111   1              for(j=0;j<100;j++);
 112   1      }
 113          
 114          void LCD_Writ_Bus(char VH,char VL)   //并行数据写入函数
 115          {	
 116   1          LCD_DataPortH=VH;  //八位模式
 117   1         	LCD_WR=0;
C51 COMPILER V6.12  LCD_DRIVER                                                             06/29/2012 15:36:41 PAGE 3   

 118   1      	LCD_WR=1;
 119   1      	LCD_DataPortH=VL; //八位模式		
 120   1      	LCD_WR=0;
 121   1      	LCD_WR=1;
 122   1      }
 123          
 124          
 125          void LCD_Write_COM(char VH,char VL)	 //发送命令
 126          {	
 127   1          LCD_RS=0;
 128   1      	 	
 129   1      	LCD_Writ_Bus(VH,VL);
 130   1      	
 131   1      }
 132          
 133          
 134          void LCD_Write_DATA(char VH,char VL)	//发送数据
 135          {
 136   1          LCD_RS=1;
 137   1      	 	
 138   1      	LCD_Writ_Bus(VH,VL);
 139   1      	
 140   1      }
 141          
 142          
 143          
 144          
 145          void Pant(char VH,char VL)
 146          {
 147   1      	int i,j;
 148   1      	LCD_CS =0;  //打开片选使能
 149   1      	Address_set(0,0,240,320);
 150   1          for(i=0;i<320;i++)
 151   1      	 {
 152   2      	  for (j=0;j<240;j++)
 153   2      	   	{
 154   3              	 LCD_Write_DATA(VH,VL);
 155   3      	    }
 156   2      
 157   2      	  }
 158   1           LCD_CS =1;  //关闭片选使能
 159   1      }
 160          
 161          
 162          void Address_set(unsigned int x1,unsigned int y1,unsigned int x2,unsigned int y2)
 163          {
 164   1      	
 165   1      	LCD_Write_COM(0x00,0x20);LCD_Write_DATA(x1>>8,x1);	  //设置X坐标位置
 166   1          LCD_Write_COM(0x00,0x21);LCD_Write_DATA(y1>>8,y1);   //设置Y坐标位置							 
 167   1      
 168   1          LCD_Write_COM(0x00,0x50);LCD_Write_DATA(x1>>8,x1);   //开始X
 169   1      	LCD_Write_COM(0x00,0x52);LCD_Write_DATA(y1>>8,y1);	  //开始Y
 170   1          LCD_Write_COM(0x00,0x51);LCD_Write_DATA(x2>>8,x2);   //结束X
 171   1      	LCD_Write_COM(0x00,0x53);LCD_Write_DATA(y2>>8,y2);   //结束Y
 172   1      
 173   1      	LCD_Write_COM(0x00,0x22);	
 174   1      							 
 175   1      }


MODULE INFORMATION:   STATIC OVERLAYABLE
   CODE SIZE        =   1049    ----
C51 COMPILER V6.12  LCD_DRIVER                                                             06/29/2012 15:36:41 PAGE 4   

   CONSTANT SIZE    =   ----    ----
   XDATA SIZE       =   ----    ----
   PDATA SIZE       =   ----    ----
   DATA SIZE        =     16      12
   IDATA SIZE       =   ----    ----
   BIT SIZE         =   ----    ----
END OF MODULE INFORMATION.


C51 COMPILATION COMPLETE.  0 WARNING(S),  0 ERROR(S)
