BL51 BANKED LINKER/LOCATER V4.13                                                        07/02/2012  09:25:35  PAGE 1


BL51 BANKED LINKER/LOCATER V4.13, INVOKED BY:
C:\KEIL\C51\BIN\BL51.EXE main.obj, LCD_driver.obj TO 26´¥ÃþÊÖÐ´ RAMSIZE (256)


MEMORY MODEL: SMALL


INPUT MODULES INCLUDED:
  main.obj (MAIN)
  LCD_driver.obj (LCD_DRIVER)
  C:\KEIL\C51\LIB\C51S.LIB (?C_STARTUP)
  C:\KEIL\C51\LIB\C51S.LIB (?C?COPY)
  C:\KEIL\C51\LIB\C51S.LIB (?C?CLDPTR)
  C:\KEIL\C51\LIB\C51S.LIB (?C?IMUL)
  C:\KEIL\C51\LIB\C51S.LIB (?C?UIDIV)
  C:\KEIL\C51\LIB\C51S.LIB (?C?SLCMP)
  C:\KEIL\C51\LIB\C51S.LIB (?C_INIT)


LINK MAP OF MODULE:  26´¥ÃþÊÖÐ´ (MAIN)


            TYPE    BASE      LENGTH    RELOCATION   SEGMENT NAME
            -----------------------------------------------------

            * * * * * * *   D A T A   M E M O R Y   * * * * * * *
            REG     0000H     0008H     ABSOLUTE     "REG BANK 0"
            DATA    0008H     0022H     UNIT         _DATA_GROUP_
            DATA    002AH     0010H     UNIT         ?DT?LCD_DRIVER
            DATA    003AH     0008H     UNIT         ?DT?MAIN
            IDATA   0042H     0001H     UNIT         ?STACK

            * * * * * * *   C O D E   M E M O R Y   * * * * * * *
            CODE    0000H     0003H     ABSOLUTE     
            CODE    0003H     0324H     UNIT         ?PR?LCD_INIT?LCD_DRIVER
            CODE    0327H     0210H     UNIT         ?CO?LCD_DRIVER
            CODE    0537H     018CH     UNIT         ?C?LIB_CODE
            CODE    06C3H     0108H     UNIT         ?PR?POINT?MAIN
            CODE    07CBH     00DFH     UNIT         ?PR?_CHINESECHAR?LCD_DRIVER
            CODE    08AAH     0098H     UNIT         ?PR?MAIN?MAIN
            CODE    0942H     008CH     UNIT         ?C_C51STARTUP
            CODE    09CEH     006BH     UNIT         ?PR?MAKPIX?MAIN
            CODE    0A39H     0067H     UNIT         ?PR?_ADDRESS_SET?LCD_DRIVER
            CODE    0AA0H     004AH     UNIT         ?PR?GETPIX?MAIN
            CODE    0AEAH     0048H     UNIT         ?PR?_PANT?LCD_DRIVER
            CODE    0B32H     003BH     UNIT         ?PR?AD7843?MAIN
            CODE    0B6DH     002CH     UNIT         ?PR?_DELAYMS?LCD_DRIVER
            CODE    0B99H     0026H     UNIT         ?PR?READFROMCHARFROM7843?MAIN
            CODE    0BBFH     0019H     UNIT         ?PR?_WRITECHARTO7843?MAIN
            CODE    0BD8H     0013H     UNIT         ?C_INITSEG
            CODE    0BEBH     000DH     UNIT         ?PR?_LCD_WRIT_BUS?LCD_DRIVER
            CODE    0BF8H     0009H     UNIT         ?PR?SPISTAR?MAIN
            CODE    0C01H     0008H     UNIT         ?PR?_LCD_WRITE_DATA?LCD_DRIVER
            CODE    0C09H     0005H     UNIT         ?PR?_LCD_WRITE_COM?LCD_DRIVER



OVERLAY MAP OF MODULE:   26´¥ÃþÊÖÐ´ (MAIN)
BL51 BANKED LINKER/LOCATER V4.13                                                      07/02/2012  09:25:35  PAGE 2




SEGMENT                                  DATA_GROUP 
  +--> CALLED SEGMENT                  START    LENGTH
------------------------------------------------------
?C_C51STARTUP                          -----    -----
  +--> ?PR?MAIN?MAIN
  +--> ?C_INITSEG

?PR?MAIN?MAIN                          0008H    0002H
  +--> ?PR?LCD_INIT?LCD_DRIVER
  +--> ?PR?SPISTAR?MAIN
  +--> ?PR?_PANT?LCD_DRIVER
  +--> ?PR?_CHINESECHAR?LCD_DRIVER
  +--> ?PR?POINT?MAIN
  +--> ?PR?_DELAYMS?LCD_DRIVER

?PR?LCD_INIT?LCD_DRIVER                -----    -----
  +--> ?PR?_DELAYMS?LCD_DRIVER
  +--> ?PR?_LCD_WRITE_COM?LCD_DRIVER
  +--> ?PR?_LCD_WRITE_DATA?LCD_DRIVER

?PR?_LCD_WRITE_COM?LCD_DRIVER          -----    -----
  +--> ?PR?_LCD_WRIT_BUS?LCD_DRIVER

?PR?_LCD_WRITE_DATA?LCD_DRIVER         -----    -----
  +--> ?PR?_LCD_WRIT_BUS?LCD_DRIVER

?PR?_PANT?LCD_DRIVER                   000AH    0004H
  +--> ?PR?_ADDRESS_SET?LCD_DRIVER
  +--> ?PR?_LCD_WRITE_DATA?LCD_DRIVER

?PR?_ADDRESS_SET?LCD_DRIVER            0022H    0008H
  +--> ?PR?_LCD_WRITE_COM?LCD_DRIVER
  +--> ?PR?_LCD_WRITE_DATA?LCD_DRIVER

?PR?_CHINESECHAR?LCD_DRIVER            000AH    0018H
  +--> ?CO?LCD_DRIVER
  +--> ?PR?_ADDRESS_SET?LCD_DRIVER
  +--> ?PR?_LCD_WRITE_DATA?LCD_DRIVER

?PR?POINT?MAIN                         000AH    0008H
  +--> ?PR?GETPIX?MAIN
  +--> ?PR?_ADDRESS_SET?LCD_DRIVER
  +--> ?PR?_LCD_WRITE_DATA?LCD_DRIVER

?PR?GETPIX?MAIN                        0012H    0008H
  +--> ?PR?AD7843?MAIN
  +--> ?PR?MAKPIX?MAIN

?PR?AD7843?MAIN                        001AH    0004H
  +--> ?PR?_WRITECHARTO7843?MAIN
  +--> ?PR?READFROMCHARFROM7843?MAIN

?PR?MAKPIX?MAIN                        001AH    0008H


BL51 BANKED LINKER/LOCATER V4.13                                                      07/02/2012  09:25:35  PAGE 3



SYMBOL TABLE OF MODULE:  26´¥ÃþÊÖÐ´ (MAIN)

  VALUE           TYPE          NAME
  ----------------------------------

  -------         MODULE        MAIN
  C:0000H         SYMBOL        _ICE_DUMMY_
  D:0090H         PUBLIC        P1
  D:00A0H         PUBLIC        P2
  D:00B0H         PUBLIC        P3
  B:00B0H.4       PUBLIC        T0
  B:00D0H.6       PUBLIC        AC
  C:0B99H         PUBLIC        ReadFromCharFrom7843
  B:00B0H.5       PUBLIC        T1
  B:0090H.0       PUBLIC        T2
  B:00A8H.7       PUBLIC        EA
  C:0BBFH         PUBLIC        _WriteCharTo7843
  C:0BF8H         PUBLIC        spistar
  D:00A8H         PUBLIC        IE
  B:00C8H.6       PUBLIC        EXF2
  B:00B0H.7       PUBLIC        RD
  B:00A8H.4       PUBLIC        ES
  D:00B8H         PUBLIC        IP
  B:0098H.0       PUBLIC        RI
  B:00B0H.2       PUBLIC        INT0
  B:00D0H.7       PUBLIC        CY
  B:0098H.1       PUBLIC        TI
  B:00B0H.3       PUBLIC        INT1
  B:00B0H.2       PUBLIC        DCLK
  B:00B8H.4       PUBLIC        PS
  B:0090H.1       PUBLIC        T2EX
  B:00D0H.2       PUBLIC        OV
  C:08AAH         PUBLIC        main
  B:00C8H.1       PUBLIC        C_T2
  B:00B0H.6       PUBLIC        WR
  C:06C3H         PUBLIC        point
  B:00C8H.5       PUBLIC        RCLK
  B:00C8H.4       PUBLIC        TCLK
  D:0098H         PUBLIC        SCON
  D:0088H         PUBLIC        TCON
  B:00B0H.3       PUBLIC        DOUT
  B:0088H.1       PUBLIC        IE0
  B:0088H.3       PUBLIC        IE1
  B:00B0H.5       PUBLIC        BUSY
  B:00C8H.0       PUBLIC        CP_RL2
  B:00A8H.1       PUBLIC        ET0
  B:00B0H.6       PUBLIC        T_CS
  B:00A0H.4       PUBLIC        LCD_CS
  B:00A0H.7       PUBLIC        LCD_RD
  B:00A8H.3       PUBLIC        ET1
  B:0088H.5       PUBLIC        TF0
  B:00A8H.5       PUBLIC        ET2
  B:0088H.7       PUBLIC        TF1
  B:00C8H.7       PUBLIC        TF2
  B:0098H.2       PUBLIC        RB8
  B:00A8H.0       PUBLIC        EX0
BL51 BANKED LINKER/LOCATER V4.13                                                      07/02/2012  09:25:35  PAGE 4


  B:0088H.0       PUBLIC        IT0
  B:0098H.3       PUBLIC        TB8
  B:00A8H.2       PUBLIC        EX1
  B:0088H.2       PUBLIC        IT1
  B:00D0H.0       PUBLIC        P
  B:0098H.7       PUBLIC        SM0
  B:0098H.6       PUBLIC        SM1
  B:0098H.5       PUBLIC        SM2
  B:00B8H.1       PUBLIC        PT0
  B:00B8H.3       PUBLIC        PT1
  B:00D0H.3       PUBLIC        RS0
  B:00B8H.5       PUBLIC        PT2
  B:0088H.4       PUBLIC        TR0
  B:00D0H.4       PUBLIC        RS1
  B:0088H.6       PUBLIC        TR1
  B:00C8H.2       PUBLIC        TR2
  B:00B8H.0       PUBLIC        PX0
  B:00A0H.5       PUBLIC        LCD_RS
  B:00B8H.2       PUBLIC        PX1
  B:00B0H.1       PUBLIC        DIN
  C:0B32H         PUBLIC        AD7843
  D:003AH         PUBLIC        TP_X
  D:003CH         PUBLIC        TP_Y
  B:00A0H.6       PUBLIC        LCD_WR
  B:00C8H.3       PUBLIC        EXEN2
  B:0098H.4       PUBLIC        REN
  D:00C8H         PUBLIC        T2CON
  B:00B0H.4       PUBLIC        IRQ
  C:09CEH         PUBLIC        Makpix
  B:00B0H.0       PUBLIC        RXD
  B:00B0H.1       PUBLIC        TXD
  B:00A0H.3       PUBLIC        LCD_REST
  C:0AA0H         PUBLIC        Getpix
  B:00D0H.5       PUBLIC        F0
  D:003EH         PUBLIC        Tp_pix
  D:00D0H         PUBLIC        PSW
  -------         PROC          SPISTAR
  C:0BF8H         LINE#         25
  C:0BF8H         LINE#         26
  C:0BF8H         LINE#         27
  C:0BFAH         LINE#         28
  C:0BFCH         LINE#         29
  C:0BFEH         LINE#         30
  C:0C00H         LINE#         31
  -------         ENDPROC       SPISTAR
  -------         PROC          _WRITECHARTO7843
  D:0007H         SYMBOL        num
  -------         DO            num
  D:0006H         SYMBOL        count
  -------         ENDDO         count
  C:0BBFH         LINE#         34
  C:0BBFH         LINE#         35
  C:0BBFH         LINE#         36
  C:0BC1H         LINE#         37
  C:0BC3H         LINE#         38
  C:0BC3H         LINE#         39
  C:0BC3H         LINE#         40
BL51 BANKED LINKER/LOCATER V4.13                                                      07/02/2012  09:25:35  PAGE 5


  C:0BC7H         LINE#         41
  C:0BC9H         LINE#         42
  C:0BCEH         LINE#         43
  C:0BD3H         LINE#         44
  C:0BD7H         LINE#         45
  -------         ENDPROC       _WRITECHARTO7843
  -------         PROC          READFROMCHARFROM7843
  -------         DO            READFROMCHARFROM7843
  D:0005H         SYMBOL        count
  D:0002H         SYMBOL        Num
  -------         ENDDO         Num
  C:0B99H         LINE#         49
  C:0B99H         LINE#         50
  C:0B99H         LINE#         51
  C:0B9BH         LINE#         52
  C:0B9DH         LINE#         53
  C:0B9DH         LINE#         54
  C:0B9DH         LINE#         55
  C:0BA4H         LINE#         56
  C:0BA9H         LINE#         57
  C:0BAEH         LINE#         58
  C:0BB6H         LINE#         59
  C:0BBAH         LINE#         60
  C:0BBEH         LINE#         61
  -------         ENDPROC       READFROMCHARFROM7843
  -------         PROC          MAKPIX
  D:001AH         SYMBOL        pix1
  D:001EH         SYMBOL        pix2
  -------         DO            pix2
  D:0007H         SYMBOL        l
  D:0004H         SYMBOL        x
  D:0002H         SYMBOL        y
  -------         ENDDO         y
  C:09CEH         LINE#         65
  C:09CEH         LINE#         66
  C:09CEH         LINE#         67
  C:09D0H         LINE#         68
  C:09F2H         LINE#         69
  C:0A14H         LINE#         70
  C:0A2AH         LINE#         71
  C:0A2AH         LINE#         72
  C:0A2CH         LINE#         73
  C:0A32H         LINE#         74
  C:0A38H         LINE#         75
  C:0A38H         LINE#         76
  C:0A38H         LINE#         77
  -------         ENDPROC       MAKPIX
  -------         PROC          AD7843
  -------         DO            AD7843
  D:001AH         SYMBOL        pix
  -------         ENDDO         pix
  C:0B32H         LINE#         81
  C:0B32H         LINE#         82
  C:0B32H         LINE#         84
  C:0B34H         LINE#         85
  C:0B39H         LINE#         86
  C:0B3FH         LINE#         87
BL51 BANKED LINKER/LOCATER V4.13                                                      07/02/2012  09:25:35  PAGE 6


  C:0B45H         LINE#         88
  C:0B4CH         LINE#         89
  C:0B51H         LINE#         90
  C:0B57H         LINE#         91
  C:0B5DH         LINE#         92
  C:0B64H         LINE#         93
  C:0B66H         LINE#         94
  C:0B6CH         LINE#         95
  -------         ENDPROC       AD7843
  -------         PROC          GETPIX
  -------         DO            GETPIX
  D:0012H         SYMBOL        pix1
  D:0016H         SYMBOL        pix2
  -------         ENDDO         pix2
  C:0AA0H         LINE#         99
  C:0AA0H         LINE#         100
  C:0AA0H         LINE#         103
  C:0AB0H         LINE#         104
  C:0AC0H         LINE#         105
  C:0AE9H         LINE#         106
  -------         ENDPROC       GETPIX
  -------         PROC          POINT
  -------         DO            POINT
  D:000AH         SYMBOL        lx
  D:000CH         SYMBOL        ly
  D:000EH         SYMBOL        i
  -------         ENDDO         i
  C:06C3H         LINE#         110
  C:06C3H         LINE#         111
  C:06C3H         LINE#         114
  C:06CCH         LINE#         115
  C:06E5H         LINE#         116
  C:06E5H         LINE#         117
  C:06EBH         LINE#         118
  C:06EBH         LINE#         119
  C:06F4H         LINE#         120
  C:06FAH         LINE#         121
  C:06FAH         LINE#         122
  C:0726H         LINE#         123
  C:074DH         LINE#         124
  C:076CH         LINE#         125
  C:0773H         LINE#         126
  C:077AH         LINE#         127
  C:0781H         LINE#         128
  C:0788H         LINE#         129
  C:078FH         LINE#         130
  C:0796H         LINE#         131
  C:079DH         LINE#         132
  C:07A4H         LINE#         133
  C:07ABH         LINE#         134
  C:07ABH         LINE#         135
  C:07AEH         LINE#         137
  C:07AEH         LINE#         138
  C:07C7H         LINE#         139
  C:07C7H         LINE#         141
  C:07CAH         LINE#         142
  -------         ENDPROC       POINT
BL51 BANKED LINKER/LOCATER V4.13                                                      07/02/2012  09:25:35  PAGE 7


  -------         PROC          MAIN
  -------         DO            MAIN
  D:0008H         SYMBOL        j
  -------         ENDDO         j
  C:08AAH         LINE#         146
  C:08AAH         LINE#         147
  C:08AAH         LINE#         149
  C:08ADH         LINE#         150
  C:08B0H         LINE#         151
  C:08B7H         LINE#         152
  C:08B9H         LINE#         153
  C:08D1H         LINE#         154
  C:08E9H         LINE#         155
  C:0901H         LINE#         156
  C:0919H         LINE#         157
  C:091BH         LINE#         158
  C:091BH         LINE#         159
  C:091BH         LINE#         160
  C:091DH         LINE#         161
  C:0922H         LINE#         162
  C:0922H         LINE#         163
  C:0925H         LINE#         164
  C:0925H         LINE#         165
  C:0928H         LINE#         167
  C:0928H         LINE#         168
  C:092FH         LINE#         170
  -------         ENDPROC       MAIN
  -------         ENDMOD        MAIN

  -------         MODULE        LCD_DRIVER
  C:0000H         SYMBOL        _ICE_DUMMY_
  D:0080H         PUBLIC        P0
  D:0090H         PUBLIC        P1
  D:00A0H         PUBLIC        P2
  D:00B0H         PUBLIC        P3
  B:00B0H.4       PUBLIC        T0
  B:00D0H.6       PUBLIC        AC
  B:00B0H.5       PUBLIC        T1
  B:0090H.0       PUBLIC        T2
  B:00A8H.7       PUBLIC        EA
  D:00A8H         PUBLIC        IE
  D:002AH         PUBLIC        colors
  B:00C8H.6       PUBLIC        EXF2
  B:00B0H.7       PUBLIC        RD
  B:00A8H.4       PUBLIC        ES
  D:00B8H         PUBLIC        IP
  B:0098H.0       PUBLIC        RI
  B:00B0H.2       PUBLIC        INT0
  B:00D0H.7       PUBLIC        CY
  B:0098H.1       PUBLIC        TI
  B:00B0H.3       PUBLIC        INT1
  C:0C04H         PUBLIC        _LCD_Write_DATA
  B:00B8H.4       PUBLIC        PS
  C:07CBH         PUBLIC        _ChineseChar
  B:0090H.1       PUBLIC        T2EX
  B:00D0H.2       PUBLIC        OV
  B:00C8H.1       PUBLIC        C_T2
BL51 BANKED LINKER/LOCATER V4.13                                                      07/02/2012  09:25:35  PAGE 8


  B:00B0H.6       PUBLIC        WR
  B:00C8H.5       PUBLIC        RCLK
  B:00C8H.4       PUBLIC        TCLK
  D:0098H         PUBLIC        SCON
  D:0088H         PUBLIC        TCON
  B:0088H.1       PUBLIC        IE0
  B:0088H.3       PUBLIC        IE1
  B:00C8H.0       PUBLIC        CP_RL2
  C:0BEBH         PUBLIC        _LCD_Writ_Bus
  B:00A8H.1       PUBLIC        ET0
  C:0003H         PUBLIC        LCD_Init
  B:00A0H.4       PUBLIC        LCD_CS
  B:00A0H.7       PUBLIC        LCD_RD
  B:00A8H.3       PUBLIC        ET1
  B:0088H.5       PUBLIC        TF0
  B:00A8H.5       PUBLIC        ET2
  B:0088H.7       PUBLIC        TF1
  B:00C8H.7       PUBLIC        TF2
  B:0098H.2       PUBLIC        RB8
  B:00A8H.0       PUBLIC        EX0
  B:0088H.0       PUBLIC        IT0
  B:0098H.3       PUBLIC        TB8
  B:00A8H.2       PUBLIC        EX1
  B:0088H.2       PUBLIC        IT1
  B:00D0H.0       PUBLIC        P
  B:0098H.7       PUBLIC        SM0
  B:0098H.6       PUBLIC        SM1
  B:0098H.5       PUBLIC        SM2
  C:0B73H         PUBLIC        _delayms
  B:00B8H.1       PUBLIC        PT0
  B:00B8H.3       PUBLIC        PT1
  B:00D0H.3       PUBLIC        RS0
  B:00B8H.5       PUBLIC        PT2
  B:0088H.4       PUBLIC        TR0
  B:00D0H.4       PUBLIC        RS1
  B:0088H.6       PUBLIC        TR1
  C:0A39H         PUBLIC        _Address_set
  B:00C8H.2       PUBLIC        TR2
  B:00B8H.0       PUBLIC        PX0
  B:00A0H.5       PUBLIC        LCD_RS
  B:00B8H.2       PUBLIC        PX1
  B:00A0H.6       PUBLIC        LCD_WR
  C:0327H         PUBLIC        hz
  C:0C09H         PUBLIC        _LCD_Write_COM
  B:00C8H.3       PUBLIC        EXEN2
  B:0098H.4       PUBLIC        REN
  D:00C8H         PUBLIC        T2CON
  B:00B0H.0       PUBLIC        RXD
  B:00B0H.1       PUBLIC        TXD
  B:00A0H.3       PUBLIC        LCD_REST
  C:0AEAH         PUBLIC        _Pant
  B:00D0H.5       PUBLIC        F0
  D:00D0H         PUBLIC        PSW
  -------         PROC          LCD_INIT
  C:0003H         LINE#         13
  C:0003H         LINE#         14
  C:0003H         LINE#         16
BL51 BANKED LINKER/LOCATER V4.13                                                      07/02/2012  09:25:35  PAGE 9


  C:0003H         LINE#         17
  C:0006H         LINE#         18
  C:0008H         LINE#         19
  C:000BH         LINE#         20
  C:000BH         LINE#         21
  C:000EH         LINE#         23
  C:0010H         LINE#         25
  C:0017H         LINE#         26
  C:0024H         LINE#         27
  C:0032H         LINE#         28
  C:0040H         LINE#         29
  C:004EH         LINE#         31
  C:005CH         LINE#         32
  C:006AH         LINE#         33
  C:0074H         LINE#         34
  C:007EH         LINE#         35
  C:008BH         LINE#         36
  C:0099H         LINE#         37
  C:00A6H         LINE#         40
  C:00B4H         LINE#         41
  C:00C2H         LINE#         42
  C:00C5H         LINE#         43
  C:00D3H         LINE#         44
  C:00D6H         LINE#         45
  C:00E4H         LINE#         46
  C:00F1H         LINE#         47
  C:00FFH         LINE#         48
  C:010DH         LINE#         49
  C:0110H         LINE#         50
  C:011DH         LINE#         51
  C:012AH         LINE#         54
  C:0138H         LINE#         55
  C:0146H         LINE#         56
  C:0154H         LINE#         57
  C:0162H         LINE#         58
  C:016FH         LINE#         59
  C:017DH         LINE#         60
  C:018BH         LINE#         61
  C:0199H         LINE#         62
  C:01A7H         LINE#         63
  C:01B5H         LINE#         64
  C:01BCH         LINE#         69
  C:01C9H         LINE#         70
  C:01D7H         LINE#         71
  C:01E4H         LINE#         72
  C:01F2H         LINE#         73
  C:0200H         LINE#         74
  C:020EH         LINE#         75
  C:021BH         LINE#         78
  C:0228H         LINE#         79
  C:0235H         LINE#         80
  C:0243H         LINE#         84
  C:0251H         LINE#         85
  C:025EH         LINE#         86
  C:026CH         LINE#         87
  C:027AH         LINE#         88
  C:0288H         LINE#         89
BL51 BANKED LINKER/LOCATER V4.13                                                      07/02/2012  09:25:35  PAGE 10


  C:0296H         LINE#         90
  C:02A3H         LINE#         91
  C:02B1H         LINE#         92
  C:02BFH         LINE#         93
  C:02CDH         LINE#         94
  C:02DBH         LINE#         95
  C:02E8H         LINE#         96
  C:02F5H         LINE#         97
  C:0302H         LINE#         98
  C:030FH         LINE#         99
  C:031DH         LINE#         100
  C:0324H         LINE#         102
  C:0326H         LINE#         104
  -------         ENDPROC       LCD_INIT
  C:0B6FH         SYMBOL        L?0040
  -------         PROC          L?0039
  -------         ENDPROC       L?0039
  C:0B6FH         SYMBOL        L?0040
  -------         PROC          _DELAYMS
  D:0006H         SYMBOL        count
  -------         DO            count
  D:0004H         SYMBOL        i
  D:0002H         SYMBOL        j
  -------         ENDDO         j
  C:0B73H         LINE#         109
  C:0B73H         LINE#         110
  C:0B73H         LINE#         112
  C:0B83H         LINE#         113
  C:0B98H         LINE#         114
  -------         ENDPROC       _DELAYMS
  -------         PROC          _LCD_WRIT_BUS
  D:0007H         SYMBOL        VH
  D:0005H         SYMBOL        VL
  C:0BEBH         LINE#         118
  C:0BEBH         LINE#         119
  C:0BEBH         LINE#         120
  C:0BEDH         LINE#         121
  C:0BEFH         LINE#         122
  C:0BF1H         LINE#         123
  C:0BF3H         LINE#         124
  C:0BF5H         LINE#         125
  C:0BF7H         LINE#         126
  -------         ENDPROC       _LCD_WRIT_BUS
  -------         PROC          _LCD_WRITE_COM
  D:0007H         SYMBOL        VH
  D:0005H         SYMBOL        VL
  C:0C09H         LINE#         130
  C:0C09H         LINE#         131
  C:0C09H         LINE#         132
  C:0C0BH         LINE#         133
  -------         ENDPROC       _LCD_WRITE_COM
  -------         PROC          L?0038
  -------         ENDPROC       L?0038
  -------         PROC          _LCD_WRITE_DATA
  D:0007H         SYMBOL        VH
  D:0005H         SYMBOL        VL
  C:0C04H         LINE#         138
BL51 BANKED LINKER/LOCATER V4.13                                                      07/02/2012  09:25:35  PAGE 11


  C:0C04H         LINE#         139
  C:0C04H         LINE#         140
  C:0C06H         LINE#         141
  -------         ENDPROC       _LCD_WRITE_DATA
  -------         PROC          _PANT
  D:000AH         SYMBOL        VH
  D:000BH         SYMBOL        VL
  -------         DO            VL
  D:000CH         SYMBOL        i
  D:0002H         SYMBOL        j
  -------         ENDDO         j
  C:0AEAH         LINE#         146
  C:0AEEH         LINE#         147
  C:0AEEH         LINE#         149
  C:0AF0H         LINE#         150
  C:0B02H         LINE#         151
  C:0B07H         LINE#         152
  C:0B07H         LINE#         153
  C:0B0AH         LINE#         154
  C:0B0AH         LINE#         155
  C:0B11H         LINE#         156
  C:0B1CH         LINE#         158
  C:0B2FH         LINE#         159
  C:0B31H         LINE#         160
  -------         ENDPROC       _PANT
  -------         PROC          _ADDRESS_SET
  D:0022H         SYMBOL        x1
  D:0024H         SYMBOL        y1
  D:0002H         SYMBOL        x2
  D:0028H         SYMBOL        y2
  C:0A39H         LINE#         164
  C:0A41H         LINE#         165
  C:0A41H         LINE#         166
  C:0A50H         LINE#         167
  C:0A5FH         LINE#         169
  C:0A6EH         LINE#         170
  C:0A7DH         LINE#         171
  C:0A8BH         LINE#         172
  C:0A99H         LINE#         174
  -------         ENDPROC       _ADDRESS_SET
  -------         PROC          _CHINESECHAR
  D:000AH         SYMBOL        x
  D:000CH         SYMBOL        y
  D:000EH         SYMBOL        For_color
  D:0010H         SYMBOL        Bk_color
  D:0012H         SYMBOL        c
  -------         DO            c
  D:0013H         SYMBOL        e
  D:0015H         SYMBOL        i
  D:0002H         SYMBOL        j
  D:0017H         SYMBOL        ed
  D:0019H         SYMBOL        ncols
  D:001BH         SYMBOL        nrows
  D:001DH         SYMBOL        nbytes
  D:0001H         SYMBOL        pfont
  D:001FH         SYMBOL        pchar
  D:0001H         SYMBOL        fonttable
BL51 BANKED LINKER/LOCATER V4.13                                                      07/02/2012  09:25:35  PAGE 12


  -------         ENDDO         fonttable
  C:07CBH         LINE#         181
  C:07D7H         LINE#         182
  C:07D7H         LINE#         183
  C:07DCH         LINE#         191
  C:07E0H         LINE#         192
  C:07E0H         LINE#         193
  C:07E5H         LINE#         194
  C:07EAH         LINE#         195
  C:07EFH         LINE#         196
  C:0811H         LINE#         197
  C:0832H         LINE#         198
  C:0842H         LINE#         199
  C:0842H         LINE#         200
  C:0858H         LINE#         201
  C:085EH         LINE#         202
  C:0870H         LINE#         203
  C:0870H         LINE#         204
  C:0886H         LINE#         205
  C:0886H         LINE#         206
  C:088EH         LINE#         207
  C:0890H         LINE#         209
  C:0890H         LINE#         210
  C:0898H         LINE#         211
  C:0898H         LINE#         212
  C:089FH         LINE#         213
  C:08A9H         LINE#         214
  -------         ENDPROC       _CHINESECHAR
  -------         ENDMOD        LCD_DRIVER

  -------         MODULE        ?C?COPY
  C:0607H         PUBLIC        ?C?COPY
  -------         ENDMOD        ?C?COPY

  -------         MODULE        ?C?CLDPTR
  C:062DH         PUBLIC        ?C?CLDPTR
  -------         ENDMOD        ?C?CLDPTR

  -------         MODULE        ?C?IMUL
  C:0646H         PUBLIC        ?C?IMUL
  -------         ENDMOD        ?C?IMUL

  -------         MODULE        ?C?UIDIV
  C:0658H         PUBLIC        ?C?UIDIV
  -------         ENDMOD        ?C?UIDIV

  -------         MODULE        ?C?SLCMP
  C:06ADH         PUBLIC        ?C?SLCMP
  -------         ENDMOD        ?C?SLCMP

LINK/LOCATE RUN COMPLETE.  0 WARNING(S),  0 ERROR(S)
